[GPU] cupy 13.3.0 ready, GPU morphology smoke test passed
  r0 [GPU] cupy 13.3.0 ready, GPU morphology smoke test passed
  r0 [BASE] drag cov= 97.6%  mixed= 12.0%  converge=  30.7ms  | HOT off
  r0 [GPU] cupy 13.3.0 ready, GPU morphology smoke test passed
  r0 [HOT ] drag cov= 97.6%  mixed= 12.0%  converge=  34.7ms  | at_gesture: active=2 req=30 done=28 | seen_idle=True conf=2 req=150 done=148 fail=0 ovw=3/0 abort=0 abandoned_done=2 drained=True VALID
  r0 [GPU] cupy 13.3.0 ready, GPU morphology smoke test passed
  r0 [BASE] zoom cov= 97.0%  mixed=  0.9%  converge=  31.8ms  | HOT off
  r0 [GPU] cupy 13.3.0 ready, GPU morphology smoke test passed
  r0 [HOT ] zoom cov= 97.0%  mixed=  0.9%  converge=  31.6ms  | at_gesture: active=2 req=30 done=28 | seen_idle=True conf=2 req=126 done=124 fail=0 ovw=3/0 abort=1 abandoned_done=2 drained=True VALID
  r1 [GPU] cupy 13.3.0 ready, GPU morphology smoke test passed
  r1 [HOT ] drag cov= 97.6%  mixed= 12.0%  converge=  27.5ms  | at_gesture: active=2 req=28 done=26 | seen_idle=True conf=2 req=148 done=146 fail=0 ovw=3/0 abort=0 abandoned_done=2 drained=True VALID
  r1 [GPU] cupy 13.3.0 ready, GPU morphology smoke test passed
  r1 [BASE] drag cov= 97.6%  mixed= 12.0%  converge=  33.8ms  | HOT off
  r1 [GPU] cupy 13.3.0 ready, GPU morphology smoke test passed
  r1 [HOT ] zoom cov= 96.8%  mixed=  0.9%  converge=  30.6ms  | at_gesture: active=2 req=34 done=32 | seen_idle=True conf=2 req=130 done=128 fail=0 ovw=3/0 abort=2 abandoned_done=2 drained=True VALID
  r1 [GPU] cupy 13.3.0 ready, GPU morphology smoke test passed
  r1 [BASE] zoom cov= 95.9%  mixed=  0.9%  converge=  31.0ms  | HOT off
  r2 [GPU] cupy 13.3.0 ready, GPU morphology smoke test passed
  r2 [BASE] drag cov= 97.6%  mixed= 12.0%  converge=  89.0ms  | HOT off
  r2 [GPU] cupy 13.3.0 ready, GPU morphology smoke test passed
  r2 [HOT ] drag cov= 97.6%  mixed= 12.0%  converge=  27.6ms  | at_gesture: active=2 req=28 done=26 | seen_idle=True conf=2 req=148 done=146 fail=0 ovw=3/0 abort=0 abandoned_done=2 drained=True VALID
  r2 [GPU] cupy 13.3.0 ready, GPU morphology smoke test passed
  r2 [BASE] zoom cov= 97.0%  mixed=  0.9%  converge=  31.3ms  | HOT off
  r2 [GPU] cupy 13.3.0 ready, GPU morphology smoke test passed
  r2 [HOT ] zoom cov= 96.9%  mixed=  0.9%  converge=  32.2ms  | at_gesture: active=2 req=33 done=31 | seen_idle=True conf=2 req=129 done=127 fail=0 ovw=3/0 abort=1 abandoned_done=2 drained=True VALID
  r3 [GPU] cupy 13.3.0 ready, GPU morphology smoke test passed
  r3 [HOT ] drag cov= 96.0%  mixed= 20.0%  converge=  28.6ms  | at_gesture: active=2 req=22 done=20 | seen_idle=True conf=2 req=142 done=140 fail=0 ovw=3/0 abort=0 abandoned_done=2 drained=True VALID
  r3 [GPU] cupy 13.3.0 ready, GPU morphology smoke test passed
  r3 [BASE] drag cov= 97.6%  mixed= 12.0%  converge=  37.3ms  | HOT off
  r3 [GPU] cupy 13.3.0 ready, GPU morphology smoke test passed
  r3 [HOT ] zoom cov= 96.9%  mixed=  0.9%  converge=  31.3ms  | at_gesture: active=2 req=32 done=30 | seen_idle=True conf=2 req=128 done=126 fail=0 ovw=3/0 abort=1 abandoned_done=2 drained=True VALID
  r3 [GPU] cupy 13.3.0 ready, GPU morphology smoke test passed
  r3 [BASE] zoom cov= 97.0%  mixed=  0.9%  converge=  31.0ms  | HOT off
  r4 [GPU] cupy 13.3.0 ready, GPU morphology smoke test passed
  r4 [BASE] drag cov= 96.0%  mixed= 20.0%  converge=  27.7ms  | HOT off
  r4 [GPU] cupy 13.3.0 ready, GPU morphology smoke test passed
  r4 [HOT ] drag cov= 95.8%  mixed= 20.0%  converge=  27.5ms  | at_gesture: active=2 req=30 done=28 | seen_idle=True conf=2 req=150 done=148 fail=0 ovw=3/0 abort=0 abandoned_done=2 drained=True VALID
  r4 [GPU] cupy 13.3.0 ready, GPU morphology smoke test passed
  r4 [BASE] zoom cov= 97.8%  mixed=  0.9%  converge=  31.4ms  | HOT off
  r4 [GPU] cupy 13.3.0 ready, GPU morphology smoke test passed
  r4 [HOT ] zoom cov= 97.0%  mixed=  0.9%  converge=  31.3ms  | at_gesture: active=2 req=31 done=29 | seen_idle=True conf=2 req=127 done=125 fail=0 ovw=3/0 abort=1 abandoned_done=2 drained=True VALID
  r5 [GPU] cupy 13.3.0 ready, GPU morphology smoke test passed
  r5 [HOT ] drag cov= 97.6%  mixed= 12.0%  converge=  27.7ms  | at_gesture: active=2 req=30 done=28 | seen_idle=True conf=2 req=150 done=148 fail=0 ovw=3/0 abort=1 abandoned_done=2 drained=True VALID
  r5 [GPU] cupy 13.3.0 ready, GPU morphology smoke test passed
  r5 [BASE] drag cov= 97.6%  mixed= 12.0%  converge=  27.1ms  | HOT off
  r5 [GPU] cupy 13.3.0 ready, GPU morphology smoke test passed
  r5 [HOT ] zoom cov= 97.0%  mixed=  0.9%  converge=  31.7ms  | at_gesture: active=2 req=38 done=36 | seen_idle=True conf=2 req=134 done=132 fail=0 ovw=3/0 abort=1 abandoned_done=2 drained=True VALID
  r5 [GPU] cupy 13.3.0 ready, GPU morphology smoke test passed
  r5 [BASE] zoom cov= 96.8%  mixed=  0.9%  converge=  30.6ms  | HOT off
  r6 [GPU] cupy 13.3.0 ready, GPU morphology smoke test passed
  r6 [BASE] drag cov= 97.6%  mixed= 12.0%  converge=  34.9ms  | HOT off
  r6 [GPU] cupy 13.3.0 ready, GPU morphology smoke test passed
  r6 [HOT ] drag cov= 97.6%  mixed= 12.0%  converge=  27.6ms  | at_gesture: active=2 req=22 done=20 | seen_idle=True conf=2 req=142 done=140 fail=0 ovw=3/0 abort=0 abandoned_done=2 drained=True VALID
  r6 [GPU] cupy 13.3.0 ready, GPU morphology smoke test passed
  r6 [BASE] zoom cov= 96.8%  mixed=  0.9%  converge=  31.1ms  | HOT off
  r6 [GPU] cupy 13.3.0 ready, GPU morphology smoke test passed
  r6 [HOT ] zoom cov= 95.9%  mixed=  0.9%  converge=  30.8ms  | at_gesture: active=2 req=32 done=30 | seen_idle=True conf=2 req=128 done=126 fail=0 ovw=3/0 abort=1 abandoned_done=2 drained=True VALID
  r7 [GPU] cupy 13.3.0 ready, GPU morphology smoke test passed
  r7 [HOT ] drag cov= 97.6%  mixed= 12.0%  converge=  27.2ms  | at_gesture: active=2 req=29 done=27 | seen_idle=True conf=2 req=149 done=147 fail=0 ovw=3/0 abort=0 abandoned_done=2 drained=True VALID
  r7 [GPU] cupy 13.3.0 ready, GPU morphology smoke test passed
  r7 [BASE] drag cov= 96.0%  mixed= 20.0%  converge=  27.6ms  | HOT off
  r7 [GPU] cupy 13.3.0 ready, GPU morphology smoke test passed
  r7 [HOT ] zoom cov= 96.8%  mixed=  0.9%  converge=  31.8ms  | at_gesture: active=2 req=32 done=30 | seen_idle=True conf=2 req=128 done=126 fail=0 ovw=3/0 abort=1 abandoned_done=2 drained=True VALID
  r7 [GPU] cupy 13.3.0 ready, GPU morphology smoke test passed
  r7 [BASE] zoom cov= 96.9%  mixed=  0.9%  converge=  31.1ms  | HOT off
  r8 [GPU] cupy 13.3.0 ready, GPU morphology smoke test passed
  r8 [BASE] drag cov= 97.6%  mixed= 12.0%  converge=  33.6ms  | HOT off
  r8 [GPU] cupy 13.3.0 ready, GPU morphology smoke test passed
  r8 [HOT ] drag cov= 97.6%  mixed= 12.0%  converge=  31.2ms  | at_gesture: active=2 req=32 done=30 | seen_idle=True conf=2 req=152 done=150 fail=0 ovw=3/0 abort=0 abandoned_done=2 drained=True VALID
  r8 [GPU] cupy 13.3.0 ready, GPU morphology smoke test passed
  r8 [BASE] zoom cov= 97.9%  mixed=  0.9%  converge=  31.6ms  | HOT off
  r8 [GPU] cupy 13.3.0 ready, GPU morphology smoke test passed
  r8 [HOT ] zoom cov= 96.2%  mixed=  0.9%  converge=  30.3ms  | at_gesture: active=2 req=30 done=28 | seen_idle=True conf=2 req=126 done=124 fail=0 ovw=3/0 abort=1 abandoned_done=2 drained=True VALID
  r9 [GPU] cupy 13.3.0 ready, GPU morphology smoke test passed
  r9 [HOT ] drag cov= 97.6%  mixed= 12.0%  converge=  27.4ms  | at_gesture: active=2 req=29 done=27 | seen_idle=True conf=2 req=149 done=147 fail=0 ovw=3/0 abort=0 abandoned_done=2 drained=True VALID
  r9 [GPU] cupy 13.3.0 ready, GPU morphology smoke test passed
  r9 [BASE] drag cov= 97.6%  mixed= 12.0%  converge=  32.0ms  | HOT off
  r9 [GPU] cupy 13.3.0 ready, GPU morphology smoke test passed
  r9 [HOT ] zoom cov= 97.0%  mixed=  0.9%  converge=  30.5ms  | at_gesture: active=2 req=32 done=30 | seen_idle=True conf=2 req=128 done=126 fail=0 ovw=3/0 abort=1 abandoned_done=2 drained=True VALID
  r9 [GPU] cupy 13.3.0 ready, GPU morphology smoke test passed
  r9 [BASE] zoom cov= 97.0%  mixed=  0.9%  converge=  31.0ms  | HOT off
  r10 [GPU] cupy 13.3.0 ready, GPU morphology smoke test passed
  r10 [BASE] drag cov= 97.6%  mixed= 12.0%  converge=  27.6ms  | HOT off
  r10 [GPU] cupy 13.3.0 ready, GPU morphology smoke test passed
  r10 [HOT ] drag cov= 97.6%  mixed= 12.0%  converge=  27.3ms  | at_gesture: active=2 req=27 done=25 | seen_idle=True conf=2 req=147 done=145 fail=0 ovw=3/0 abort=1 abandoned_done=2 drained=True VALID
  r10 [GPU] cupy 13.3.0 ready, GPU morphology smoke test passed
  r10 [BASE] zoom cov= 97.0%  mixed=  0.9%  converge=  31.2ms  | HOT off
  r10 [GPU] cupy 13.3.0 ready, GPU morphology smoke test passed
  r10 [HOT ] zoom cov= 97.1%  mixed=  0.9%  converge=  30.5ms  | at_gesture: active=2 req=35 done=33 | seen_idle=True conf=2 req=131 done=129 fail=0 ovw=3/0 abort=1 abandoned_done=2 drained=True VALID
  r11 [GPU] cupy 13.3.0 ready, GPU morphology smoke test passed
  r11 [HOT ] drag cov= 94.4%  mixed= 24.0%  converge=  27.3ms  | at_gesture: active=2 req=28 done=26 | seen_idle=True conf=2 req=148 done=146 fail=0 ovw=3/0 abort=0 abandoned_done=2 drained=True VALID
  r11 [GPU] cupy 13.3.0 ready, GPU morphology smoke test passed
  r11 [BASE] drag cov= 97.6%  mixed= 12.0%  converge=  34.1ms  | HOT off
  r11 [GPU] cupy 13.3.0 ready, GPU morphology smoke test passed
  r11 [HOT ] zoom cov= 97.0%  mixed=  0.9%  converge=  31.0ms  | at_gesture: active=2 req=34 done=32 | seen_idle=True conf=2 req=130 done=128 fail=0 ovw=3/0 abort=1 abandoned_done=2 drained=True VALID
  r11 [GPU] cupy 13.3.0 ready, GPU morphology smoke test passed
  r11 [BASE] zoom cov= 97.9%  mixed=  0.9%  converge=  31.3ms  | HOT off
  r12 [GPU] cupy 13.3.0 ready, GPU morphology smoke test passed
  r12 [BASE] drag cov= 97.6%  mixed= 12.0%  converge=  32.2ms  | HOT off
  r12 [GPU] cupy 13.3.0 ready, GPU morphology smoke test passed
  r12 [HOT ] drag cov= 97.6%  mixed= 12.0%  converge=  27.1ms  | at_gesture: active=2 req=28 done=26 | seen_idle=True conf=2 req=148 done=146 fail=0 ovw=3/0 abort=0 abandoned_done=2 drained=True VALID
  r12 [GPU] cupy 13.3.0 ready, GPU morphology smoke test passed
  r12 [BASE] zoom cov= 96.9%  mixed=  0.9%  converge=  31.8ms  | HOT off
  r12 [GPU] cupy 13.3.0 ready, GPU morphology smoke test passed
  r12 [HOT ] zoom cov= 97.0%  mixed=  0.9%  converge=  30.5ms  | at_gesture: active=2 req=32 done=30 | seen_idle=True conf=2 req=128 done=126 fail=0 ovw=3/0 abort=1 abandoned_done=2 drained=True VALID
  r13 [GPU] cupy 13.3.0 ready, GPU morphology smoke test passed
  r13 [HOT ] drag cov= 97.6%  mixed= 12.0%  converge=  27.3ms  | at_gesture: active=2 req=32 done=30 | seen_idle=True conf=2 req=152 done=150 fail=0 ovw=3/0 abort=0 abandoned_done=2 drained=True VALID
  r13 [GPU] cupy 13.3.0 ready, GPU morphology smoke test passed
  r13 [BASE] drag cov= 97.6%  mixed= 12.0%  converge=  34.6ms  | HOT off
  r13 [GPU] cupy 13.3.0 ready, GPU morphology smoke test passed
  r13 [HOT ] zoom cov= 97.2%  mixed=  0.9%  converge=  31.0ms  | at_gesture: active=2 req=34 done=32 | seen_idle=True conf=2 req=130 done=128 fail=0 ovw=3/0 abort=1 abandoned_done=2 drained=True VALID
  r13 [GPU] cupy 13.3.0 ready, GPU morphology smoke test passed
  r13 [BASE] zoom cov= 97.0%  mixed=  0.9%  converge=  30.8ms  | HOT off
  r14 [GPU] cupy 13.3.0 ready, GPU morphology smoke test passed
  r14 [BASE] drag cov= 97.6%  mixed= 12.0%  converge=  35.4ms  | HOT off
  r14 [GPU] cupy 13.3.0 ready, GPU morphology smoke test passed
  r14 [HOT ] drag cov= 97.6%  mixed= 12.0%  converge=  27.7ms  | at_gesture: active=2 req=32 done=30 | seen_idle=True conf=2 req=152 done=150 fail=0 ovw=3/0 abort=0 abandoned_done=2 drained=True VALID
  r14 [GPU] cupy 13.3.0 ready, GPU morphology smoke test passed
  r14 [BASE] zoom cov= 97.8%  mixed=  0.9%  converge=  31.4ms  | HOT off
  r14 [GPU] cupy 13.3.0 ready, GPU morphology smoke test passed
  r14 [HOT ] zoom cov= 97.0%  mixed=  0.9%  converge=  31.2ms  | at_gesture: active=2 req=32 done=30 | seen_idle=True conf=2 req=128 done=126 fail=0 ovw=3/0 abort=1 abandoned_done=2 drained=True VALID

drag in-motion coverage %: BASE  97.39 (range  1.60) | HOT  97.16 (range  3.20) | paired mean  -0.23 pp, one-sided 95% bounds lower -0.69 / upper +0.24, margin -1.0 -> PASS (non-inferior)
zoom mixed-level frames %: BASE   0.91 (range  0.00) | HOT   0.91 (range  0.00) | paired mean  +0.00 pp, one-sided 95% bounds lower +0.00 / upper +0.00, margin -1.0 -> PASS (non-inferior)
zoom converge-after-stop ms: BASE  31.23 (range  1.26) | HOT  31.10 (range  1.91) | paired mean  +0.14 ms one-sided 95% bounds lower -0.19 / upper +0.46 -> informational, not gated
